visi_genie_file_access.c:4:6:genieFileBegin	16	static
visi_genie_file_access.c:9:6:genieFileAccessIsReady	8	static
visi_genie_file_access.c:13:6:genieFileDir	32	static
visi_genie_file_access.c:27:6:genieFileRead	32	static
visi_genie_file_access.c:41:6:genieFileWriteBytes	40	static
visi_genie_file_access.c:57:6:genieFileWriteStr	32	static
visi_genie_file_access.c:73:6:genieFileAppendBytes	40	static
visi_genie_file_access.c:89:6:genieFileAppendStr	32	static
visi_genie_file_access.c:105:6:genieFileErase	32	static
visi_genie_file_access.c:119:6:genieFileSize	32	static
