visi_genie.c:54:6:genieBegin	16	static
visi_genie.c:89:9:genieReadObject	32	static
visi_genie.c:103:10:genieWriteObject	40	static
visi_genie.c:135:10:genieWriteShortToIntLedDigits	16	static
visi_genie.c:139:10:genieWriteFloatToIntLedDigits	32	static
visi_genie.c:148:10:genieWriteLongToIntLedDigits	32	static
visi_genie.c:157:9:genieWriteContrast	40	static
visi_genie.c:182:10:genieWriteStr	48	static
visi_genie.c:217:10:genieWriteStrU	48	static
visi_genie.c:255:10:genieWriteInhLabelDefault	16	static
visi_genie.c:259:10:genieWriteInhLabel	48	static
visi_genie.c:294:6:genieEventIs	24	static
visi_genie.c:298:10:genieGetEventData	16	static
visi_genie.c:302:9:genieDequeueEvent	16	static
visi_genie.c:312:9:genieDoEvents	40	static
visi_genie.c:523:6:genieAttachDebugger	16	static
visi_genie.c:527:6:genieAttachEventHandler	24	static
visi_genie.c:551:6:genieAttachMagicByteReader	16	static
visi_genie.c:555:6:genieAttachMagicDoubleByteReader	16	static
visi_genie.c:560:6:genieOnline	8	static
visi_genie.c:564:10:genieUptime	8	static
visi_genie.c:571:9:genieCurrentForm	8	static
visi_genie.c:575:6:genieActivateForm	16	static
visi_genie.c:579:6:genieRecover	16	static
visi_genie.c:583:9:genieTimeout	16	static
visi_genie.c:590:9:geniePing	16	static
visi_genie.c:612:10:genieEnableAutoPing	32	static
visi_genie.c:647:10:_genieWriteMagicBytes	48	static
visi_genie.c:683:10:_genieWriteMagicDBytes	48	static
visi_genie.c:721:9:genieGetNextByte	24	static
visi_genie.c:751:10:genieGetNextDoubleByte	32	static
visi_genie.c:787:9:genieEnqueueEvent	32	static
